[NET]  + ReadMenator: network links injected into README.md
[NET]  + LazyOwn: network links injected into README.md
[NET]  + TopoGPT3: network links injected into README.md
[NET]  + FreeDom: network links injected into README.md
[NET]  + blacksandbeacon: network links injected into README.md
[NET]  + LazyLoader: network links injected into README.md
[NET]  + LazyOwnBT: network links injected into README.md
[NET]  + TopoExploit: network links injected into README.md
[NET]  + TopoVJEPA: network links injected into README.md
[NET]  + CompressLoader: network links injected into README.md
[NET]  + schrodinger: network links injected into README.md
[NET]  + dirac: network links injected into README.md
[NET]  + TopoGPT2: network links injected into README.md
[NET]  + LazyOwnOpenCodeAdapter: network links injected into README.md
[NET]  + BOFs: network links injected into README.md
[NET]  + HavocC2-Custom-Profile-Template: network links injected into README.md
[NET]  + tunneling: network links injected into README.md
[NET]  + LazyOwnBrpFuzzerWeb: network links injected into README.md
[NET]  + LazyOwnEncoderDecoder: network links injected into README.md
[NET]  + LazyOwnWeb: network links injected into README.md
[NET]  + ramanujan: network links injected into README.md
[NET]  + LazyOwnInfiniteStorage: network links injected into README.md
[NET]  + exploitarium: network links injected into README.md
[NET]  + algebra-de-grok: network links injected into README.md
[NET]  + TopoBrain: network links injected into README.md
[NET]  + probofs: network links injected into README.md
[NET]  + BlackZincBeacon: network links injected into README.md
[NET]  + BlackObsidianC2: network links injected into README.md
[NET]  + ShellcodeFluctuation_crosscompile: network links injected into README.md
[NET]  + beacon: network links injected into README.md
[NET]  + gomulti_loader: network links injected into README.md
[NET]  + win_shellcode: network links injected into README.md
[NET]  + ejecutarShellcode: network links injected into README.md
[NET]  + pyKerbrute: network links injected into README.md
[NET]  + maxwell: network links injected into README.md
[NET]  + QC: network links injected into README.md
