[PR]   + cvm: https://github.com/grisuno/cvm/pull/21
[PR]   + ld: https://github.com/grisuno/ld/pull/18
[PR]   + miniGCC: https://github.com/grisuno/miniGCC/pull/52
[PR]   + miniOS: https://github.com/grisuno/miniOS/pull/24
[PR]   + LazyOwn: https://github.com/grisuno/LazyOwn/pull/280
[PR]   + FreeDom: https://github.com/grisuno/FreeDom/pull/72
[PR]   + blacksandbeacon: https://github.com/grisuno/blacksandbeacon/pull/75
[PR]   + LazyLoader: https://github.com/grisuno/LazyLoader/pull/69
[PR]   + LazyOwnBT: https://github.com/grisuno/LazyOwnBT/pull/68
[PR]   + LazyC: https://github.com/grisuno/LazyC/pull/22
[PR]   + TopoGPT3: https://github.com/grisuno/TopoGPT3/pull/71
[PR]   + anasniffdeep: https://github.com/grisuno/anasniffdeep/pull/62
[PR]   + shad0w: https://github.com/grisuno/shad0w/pull/41
[PR]   + admin: https://github.com/grisuno/admin/pull/65
[PR]   + strass_strassen: https://github.com/grisuno/strass_strassen/pull/63
[PR]   + TopoExploit: https://github.com/grisuno/TopoExploit/pull/10
[PR]   + energia_eolica: https://github.com/grisuno/energia_eolica/pull/18
[PR]   + template: https://github.com/grisuno/template/pull/69
[PR]   + VSL-DSP: https://github.com/grisuno/VSL-DSP/pull/69
[PR]   + TopoVJEPA: https://github.com/grisuno/TopoVJEPA/pull/45
[PR]   + CompressLoader: https://github.com/grisuno/CompressLoader/pull/68
[PR]   + schrodinger: https://github.com/grisuno/schrodinger/pull/68
[PR]   + Neurothermo: https://github.com/grisuno/Neurothermo/pull/69
[PR]   + dirac: https://github.com/grisuno/dirac/pull/69
[PR]   + Laderman: https://github.com/grisuno/Laderman/pull/68
[PR]   + Willmore: https://github.com/grisuno/Willmore/pull/69
[PR]   + systemd: https://github.com/grisuno/systemd/pull/68
[PR]   + estorides: https://github.com/grisuno/estorides/pull/121
[PR]   + TopoGPT2: https://github.com/grisuno/TopoGPT2/pull/69
[PR]   + copy-fail-CVE-2026-31431: https://github.com/grisuno/copy-fail-CVE-2026-31431/pull/69
[PR]   + LazyOwnOpenCodeAdapter: https://github.com/grisuno/LazyOwnOpenCodeAdapter/pull/69
[PR]   + HunyuanVideo-1.5: https://github.com/grisuno/HunyuanVideo-1.5/pull/69
[PR]   + toposwarm: https://github.com/grisuno/toposwarm/pull/74
[PR]   + QuantumVault: https://github.com/grisuno/QuantumVault/pull/69
[PR]   + math-science-video-lectures: https://github.com/grisuno/math-science-video-lectures/pull/69
[PR]   + project-nomad: https://github.com/grisuno/project-nomad/pull/68
[PR]   + keylogger: https://github.com/grisuno/keylogger/pull/69
[PR]   + nikola_tesla_patentes: https://github.com/grisuno/nikola_tesla_patentes/pull/69
[PR]   + BOFs: https://github.com/grisuno/BOFs/pull/66
[PR]   + curlfree: https://github.com/grisuno/curlfree/pull/57
[PR]   + vulns-2026-fatfs-chance: https://github.com/grisuno/vulns-2026-fatfs-chance/pull/48
[PR]   + Havoc: https://github.com/grisuno/Havoc/pull/52
[PR]   + HavocC2-Custom-Profile-Template: https://github.com/grisuno/HavocC2-Custom-Profile-Template/pull/52
[PR]   + Condorito-Framework: https://github.com/grisuno/Condorito-Framework/pull/67
[PR]   + packet_edit_meme: https://github.com/grisuno/packet_edit_meme/pull/53
[PR]   + png2bash: https://github.com/grisuno/png2bash/pull/69
[PR]   + bin_micronucleus: https://github.com/grisuno/bin_micronucleus/pull/69
[PR]   + reelify: https://github.com/grisuno/reelify/pull/69
[PR]   + axlle.htb: https://github.com/grisuno/axlle.htb/pull/69
[PR]   + mist.htb: https://github.com/grisuno/mist.htb/pull/69
[PR]   + ghost.htb: https://github.com/grisuno/ghost.htb/pull/70
[PR]   + tunneling: https://github.com/grisuno/tunneling/pull/69
[PR]   + LazyOwnBrpFuzzerWeb: https://github.com/grisuno/LazyOwnBrpFuzzerWeb/pull/69
[PR]   + cymatic: https://github.com/grisuno/cymatic/pull/69
[PR]   + ScriptAnimator: https://github.com/grisuno/ScriptAnimator/pull/69
[PR]   + LazyOwnEncoderDecoder: https://github.com/grisuno/LazyOwnEncoderDecoder/pull/72
[PR]   + PythonTutorial: https://github.com/grisuno/PythonTutorial/pull/69
[PR]   + ajedrez: https://github.com/grisuno/ajedrez/pull/68
[PR]   + LazyOwnWeb: https://github.com/grisuno/LazyOwnWeb/pull/69
[PR]   + gconnect: https://github.com/grisuno/gconnect/pull/69
[PR]   + LazyBspWM: https://github.com/grisuno/LazyBspWM/pull/69
[PR]   + rurlz: https://github.com/grisuno/rurlz/pull/69
[PR]   + adonay: https://github.com/grisuno/adonay/pull/69
[PR]   + basilisco: https://github.com/grisuno/basilisco/pull/69
[PR]   + ttyoverhttp: https://github.com/grisuno/ttyoverhttp/pull/69
[PR]   + Estimacion-de-fases-cuanticas: https://github.com/grisuno/Estimacion-de-fases-cuanticas/pull/69
[PR]   + lietome: https://github.com/grisuno/lietome/pull/68
[PR]   + pycrud: https://github.com/grisuno/pycrud/pull/69
[PR]   + feigenbaum: https://github.com/grisuno/feigenbaum/pull/69
[PR]   + ramanujan: https://github.com/grisuno/ramanujan/pull/69
[PR]   + pytbackdoorch: https://github.com/grisuno/pytbackdoorch/pull/66
[PR]   + GpsTracker: https://github.com/grisuno/GpsTracker/pull/70
[PR]   + gts: https://github.com/grisuno/gts/pull/70
[PR]   + inbound-api: https://github.com/grisuno/inbound-api/pull/70
[PR]   + pascal2php: https://github.com/grisuno/pascal2php/pull/70
[PR]   + quantum: https://github.com/grisuno/quantum/pull/70
[PR]   + words_bad_spelled: https://github.com/grisuno/words_bad_spelled/pull/70
[PR]   + expresscrud: https://github.com/grisuno/expresscrud/pull/70
[PR]   + cimatic: https://github.com/grisuno/cimatic/pull/70
[PR]   + vstsndtone: https://github.com/grisuno/vstsndtone/pull/70
[PR]   + sndtone: https://github.com/grisuno/sndtone/pull/71
[PR]   + vst: https://github.com/grisuno/vst/pull/70
[PR]   + adn: https://github.com/grisuno/adn/pull/70
[PR]   + blockchain3: https://github.com/grisuno/blockchain3/pull/70
[PR]   + grisiscomeback: https://github.com/grisuno/grisiscomeback/pull/69
[PR]   + rust_tcp_ip: https://github.com/grisuno/rust_tcp_ip/pull/68
[PR]   + fakeftp: https://github.com/grisuno/fakeftp/pull/57
[PR]   + LazyOwnInfiniteStorage: https://github.com/grisuno/LazyOwnInfiniteStorage/pull/72
[PR]   + exploitarium: https://github.com/grisuno/exploitarium/pull/31
[PR]   + moonshine: https://github.com/grisuno/moonshine/pull/31
[PR]   + blocknator: https://github.com/grisuno/blocknator/pull/39
[PR]   + shadow: https://github.com/grisuno/shadow/pull/31
[PR]   + phantom2: https://github.com/grisuno/phantom2/pull/29
[PR]   + fakesystemD: https://github.com/grisuno/fakesystemD/pull/29
[PR]   + HPU-Core: https://github.com/grisuno/HPU-Core/pull/69
[PR]   + algebra-de-grok: https://github.com/grisuno/algebra-de-grok/pull/68
[PR]   + matrixgrokker: https://github.com/grisuno/matrixgrokker/pull/68
[PR]   + agi: https://github.com/grisuno/agi/pull/68
[PR]   + supertopo3: https://github.com/grisuno/supertopo3/pull/68
[PR]   + chaotic_pendulum_grokked: https://github.com/grisuno/chaotic_pendulum_grokked/pull/68
[PR]   + kepler_orbit_grokker: https://github.com/grisuno/kepler_orbit_grokker/pull/68
[PR]   + 1d_wave_equation_grokker: https://github.com/grisuno/1d_wave_equation_grokker/pull/68
[PR]   + SWAN-Phoenix-Rising: https://github.com/grisuno/SWAN-Phoenix-Rising/pull/68
[PR]   + cisnenegro: https://github.com/grisuno/cisnenegro/pull/68
[PR]   + lie-detector: https://github.com/grisuno/lie-detector/pull/68
[PR]   + ElOjoDeRicci: https://github.com/grisuno/ElOjoDeRicci/pull/68
[PR]   + neuromario: https://github.com/grisuno/neuromario/pull/68
[PR]   + neurologos: https://github.com/grisuno/neurologos/pull/68
[PR]   + flickr8k_prepared_sintetic_audio: https://github.com/grisuno/flickr8k_prepared_sintetic_audio/pull/68
[PR]   + pokemon: https://github.com/grisuno/pokemon/pull/68
[PR]   + TopoBrain: https://github.com/grisuno/TopoBrain/pull/68
[PR]   + sinthesys: https://github.com/grisuno/sinthesys/pull/68
[PR]   + DualMind: https://github.com/grisuno/DualMind/pull/68
[PR]   + liber-monitor: https://github.com/grisuno/liber-monitor/pull/68
[PR]   + probofs: https://github.com/grisuno/probofs/pull/68
[PR]   + malic: https://github.com/grisuno/malic/pull/67
[PR]   + BlackZincBeacon: https://github.com/grisuno/BlackZincBeacon/pull/68
[PR]   + BlackObsidianC2: https://github.com/grisuno/BlackObsidianC2/pull/68
[PR]   + gopher2: https://github.com/grisuno/gopher2/pull/68
[PR]   + BlackSerpentine: https://github.com/grisuno/BlackSerpentine/pull/68
[PR]   + CVE-2022-22077: https://github.com/grisuno/CVE-2022-22077/pull/68
[PR]   + ShellcodeFluctuation_crosscompile: https://github.com/grisuno/ShellcodeFluctuation_crosscompile/pull/68
[PR]   + beacon: https://github.com/grisuno/beacon/pull/68
[PR]   + peviwer: https://github.com/grisuno/peviwer/pull/68
[PR]   + netsh_helper_dll: https://github.com/grisuno/netsh_helper_dll/pull/67
[PR]   + text2videotutorial: https://github.com/grisuno/text2videotutorial/pull/68
[PR]   + binary: https://github.com/grisuno/binary/pull/68
[PR]   + hellbird: https://github.com/grisuno/hellbird/pull/68
[PR]   + gomulti_loader: https://github.com/grisuno/gomulti_loader/pull/68
[PR]   + cgoblin: https://github.com/grisuno/cgoblin/pull/68
[PR]   + ShadowLink: https://github.com/grisuno/ShadowLink/pull/68
[PR]   + ebird3: https://github.com/grisuno/ebird3/pull/68
[PR]   + ip_to_txt: https://github.com/grisuno/ip_to_txt/pull/67
[PR]   + win_shellcode: https://github.com/grisuno/win_shellcode/pull/67
[PR]   + The-QSN-and-Its-Mapping-to-E8: https://github.com/grisuno/The-QSN-and-Its-Mapping-to-E8/pull/69
[PR]   + OverRide: https://github.com/grisuno/OverRide/pull/69
[PR]   + ejecutarShellcode: https://github.com/grisuno/ejecutarShellcode/pull/68
[PR]   + amsi: https://github.com/grisuno/amsi/pull/67
[PR]   + wp-postit: https://github.com/grisuno/wp-postit/pull/68
[PR]   + embeddings: https://github.com/grisuno/embeddings/pull/68
[PR]   + lazyweb: https://github.com/grisuno/lazyweb/pull/68
[PR]   + AbsoluteZero: https://github.com/grisuno/AbsoluteZero/pull/68
[PR]   + HzHeal: https://github.com/grisuno/HzHeal/pull/68
[PR]   + create_tree: https://github.com/grisuno/create_tree/pull/68
[PR]   + rustrev: https://github.com/grisuno/rustrev/pull/68
[PR]   + pyKerbrute: https://github.com/grisuno/pyKerbrute/pull/68
[PR]   + backdoros: https://github.com/grisuno/backdoros/pull/68
[PR]   + hypergeometric: https://github.com/grisuno/hypergeometric/pull/70
[PR]   + eStickFix: https://github.com/grisuno/eStickFix/pull/69
[PR]   + deeptrue: https://github.com/grisuno/deeptrue/pull/70
[PR]   + geoneo: https://github.com/grisuno/geoneo/pull/70
[PR]   + grisuno: https://github.com/grisuno/grisuno/pull/68
[PR]   + maxwell: https://github.com/grisuno/maxwell/pull/49
[PR]   + resma: https://github.com/grisuno/resma/pull/68
[PR]   + QC: https://github.com/grisuno/QC/pull/69
[PR]   + deploynator: https://github.com/grisuno/deploynator/pull/40
[PR]   + Lazymapd: https://github.com/grisuno/Lazymapd/pull/66
[PR]   + lazyaddon: https://github.com/grisuno/lazyaddon/pull/8
[PR]   X ReadMenator: push failed
[PR]   X winsdk-10: push failed
