[RM]    + miniOS: KNOWLEDGE_BASE.md + agent docs generated
[RM]    + LazyOwn: KNOWLEDGE_BASE.md + agent docs generated
[RM]    + FreeDom: KNOWLEDGE_BASE.md + agent docs generated
[RM]    + cvm: KNOWLEDGE_BASE.md + agent docs generated
[RM]    + estorides: KNOWLEDGE_BASE.md + agent docs generated
[RM]    + lazyaddon: KNOWLEDGE_BASE.md + agent docs generated
[RM]    + Lazymapd: KNOWLEDGE_BASE.md + agent docs generated
[RM]    + deploynator: KNOWLEDGE_BASE.md + agent docs generated
[RM]    + QC: KNOWLEDGE_BASE.md + agent docs generated
[RM]    + resma: KNOWLEDGE_BASE.md + agent docs generated
[RM]    + maxwell: KNOWLEDGE_BASE.md + agent docs generated
[RM]    + grisuno: KNOWLEDGE_BASE.md + agent docs generated
[RM]    + geoneo: KNOWLEDGE_BASE.md + agent docs generated
[RM]    + deeptrue: KNOWLEDGE_BASE.md + agent docs generated
[RM]    + eStickFix: KNOWLEDGE_BASE.md + agent docs generated
[RM]    + hypergeometric: KNOWLEDGE_BASE.md + agent docs generated
[RM]    + backdoros: KNOWLEDGE_BASE.md + agent docs generated
[RM]    + pyKerbrute: KNOWLEDGE_BASE.md + agent docs generated
[RM]    + rustrev: KNOWLEDGE_BASE.md + agent docs generated
[RM]    + create_tree: KNOWLEDGE_BASE.md + agent docs generated
[RM]    + HzHeal: KNOWLEDGE_BASE.md + agent docs generated
[RM]    + AbsoluteZero: KNOWLEDGE_BASE.md + agent docs generated
[RM]    + lazyweb: KNOWLEDGE_BASE.md + agent docs generated
[RM]    + embeddings: KNOWLEDGE_BASE.md + agent docs generated
[RM]    + wp-postit: KNOWLEDGE_BASE.md + agent docs generated
[RM]    + amsi: KNOWLEDGE_BASE.md + agent docs generated
[RM]    + ejecutarShellcode: KNOWLEDGE_BASE.md + agent docs generated
[RM]    + OverRide: KNOWLEDGE_BASE.md + agent docs generated
[RM]    + The-QSN-and-Its-Mapping-to-E8: KNOWLEDGE_BASE.md + agent docs generated
[RM]    + win_shellcode: KNOWLEDGE_BASE.md + agent docs generated
[RM]    + ip_to_txt: KNOWLEDGE_BASE.md + agent docs generated
[RM]    + ebird3: KNOWLEDGE_BASE.md + agent docs generated
[RM]    + ShadowLink: KNOWLEDGE_BASE.md + agent docs generated
[RM]    + cgoblin: KNOWLEDGE_BASE.md + agent docs generated
[RM]    + gomulti_loader: KNOWLEDGE_BASE.md + agent docs generated
[RM]    + hellbird: KNOWLEDGE_BASE.md + agent docs generated
[RM]    + binary: KNOWLEDGE_BASE.md + agent docs generated
[RM]    + text2videotutorial: KNOWLEDGE_BASE.md + agent docs generated
[RM]    + netsh_helper_dll: KNOWLEDGE_BASE.md + agent docs generated
[RM]    + peviwer: KNOWLEDGE_BASE.md + agent docs generated
[RM]    + beacon: KNOWLEDGE_BASE.md + agent docs generated
[RM]    + ShellcodeFluctuation_crosscompile: KNOWLEDGE_BASE.md + agent docs generated
[RM]    + CVE-2022-22077: KNOWLEDGE_BASE.md + agent docs generated
[RM]    + BlackSerpentine: KNOWLEDGE_BASE.md + agent docs generated
[RM]    + gopher2: KNOWLEDGE_BASE.md + agent docs generated
[RM]    + BlackObsidianC2: KNOWLEDGE_BASE.md + agent docs generated
[RM]    + BlackZincBeacon: KNOWLEDGE_BASE.md + agent docs generated
[RM]    + malic: KNOWLEDGE_BASE.md + agent docs generated
[RM]    + probofs: KNOWLEDGE_BASE.md + agent docs generated
[RM]    + liber-monitor: KNOWLEDGE_BASE.md + agent docs generated
[RM]    + DualMind: KNOWLEDGE_BASE.md + agent docs generated
[RM]    + sinthesys: KNOWLEDGE_BASE.md + agent docs generated
[RM]    + TopoBrain: KNOWLEDGE_BASE.md + agent docs generated
[RM]    + pokemon: KNOWLEDGE_BASE.md + agent docs generated
[RM]    + flickr8k_prepared_sintetic_audio: KNOWLEDGE_BASE.md + agent docs generated
[RM]    + neurologos: KNOWLEDGE_BASE.md + agent docs generated
[RM]    + neuromario: KNOWLEDGE_BASE.md + agent docs generated
[RM]    + ElOjoDeRicci: KNOWLEDGE_BASE.md + agent docs generated
[RM]    + lie-detector: KNOWLEDGE_BASE.md + agent docs generated
[RM]    + cisnenegro: KNOWLEDGE_BASE.md + agent docs generated
[RM]    + SWAN-Phoenix-Rising: KNOWLEDGE_BASE.md + agent docs generated
[RM]    + 1d_wave_equation_grokker: KNOWLEDGE_BASE.md + agent docs generated
[RM]    + kepler_orbit_grokker: KNOWLEDGE_BASE.md + agent docs generated
[RM]    + chaotic_pendulum_grokked: KNOWLEDGE_BASE.md + agent docs generated
[RM]    + supertopo3: KNOWLEDGE_BASE.md + agent docs generated
[RM]    + agi: KNOWLEDGE_BASE.md + agent docs generated
[RM]    + matrixgrokker: KNOWLEDGE_BASE.md + agent docs generated
[RM]    + algebra-de-grok: KNOWLEDGE_BASE.md + agent docs generated
[RM]    + HPU-Core: KNOWLEDGE_BASE.md + agent docs generated
[RM]    + fakesystemD: KNOWLEDGE_BASE.md + agent docs generated
[RM]    + phantom2: KNOWLEDGE_BASE.md + agent docs generated
[RM]    + shadow: KNOWLEDGE_BASE.md + agent docs generated
[RM]    + blocknator: KNOWLEDGE_BASE.md + agent docs generated
[RM]    + moonshine: KNOWLEDGE_BASE.md + agent docs generated
[RM]    + exploitarium: KNOWLEDGE_BASE.md + agent docs generated
[RM]    + LazyOwnInfiniteStorage: KNOWLEDGE_BASE.md + agent docs generated
[RM]    + fakeftp: KNOWLEDGE_BASE.md + agent docs generated
[RM]    + rust_tcp_ip: KNOWLEDGE_BASE.md + agent docs generated
[RM]    + grisiscomeback: KNOWLEDGE_BASE.md + agent docs generated
[RM]    + blockchain3: KNOWLEDGE_BASE.md + agent docs generated
[RM]    + adn: KNOWLEDGE_BASE.md + agent docs generated
[RM]    + vst: KNOWLEDGE_BASE.md + agent docs generated
[RM]    + sndtone: KNOWLEDGE_BASE.md + agent docs generated
[RM]    + vstsndtone: KNOWLEDGE_BASE.md + agent docs generated
[RM]    + cimatic: KNOWLEDGE_BASE.md + agent docs generated
[RM]    + expresscrud: KNOWLEDGE_BASE.md + agent docs generated
[RM]    + words_bad_spelled: KNOWLEDGE_BASE.md + agent docs generated
[RM]    + quantum: KNOWLEDGE_BASE.md + agent docs generated
[RM]    + pascal2php: KNOWLEDGE_BASE.md + agent docs generated
[RM]    + inbound-api: KNOWLEDGE_BASE.md + agent docs generated
[RM]    + gts: KNOWLEDGE_BASE.md + agent docs generated
[RM]    + GpsTracker: KNOWLEDGE_BASE.md + agent docs generated
[RM]    + pytbackdoorch: KNOWLEDGE_BASE.md + agent docs generated
[RM]    + ramanujan: KNOWLEDGE_BASE.md + agent docs generated
[RM]    + feigenbaum: KNOWLEDGE_BASE.md + agent docs generated
[RM]    + pycrud: KNOWLEDGE_BASE.md + agent docs generated
[RM]    + lietome: KNOWLEDGE_BASE.md + agent docs generated
[RM]    + Estimacion-de-fases-cuanticas: KNOWLEDGE_BASE.md + agent docs generated
[RM]    + ttyoverhttp: KNOWLEDGE_BASE.md + agent docs generated
[RM]    + basilisco: KNOWLEDGE_BASE.md + agent docs generated
[RM]    + adonay: KNOWLEDGE_BASE.md + agent docs generated
[RM]    + rurlz: KNOWLEDGE_BASE.md + agent docs generated
[RM]    + LazyBspWM: KNOWLEDGE_BASE.md + agent docs generated
[RM]    + gconnect: KNOWLEDGE_BASE.md + agent docs generated
[RM]    + LazyOwnWeb: KNOWLEDGE_BASE.md + agent docs generated
[RM]    + ajedrez: KNOWLEDGE_BASE.md + agent docs generated
[RM]    + PythonTutorial: KNOWLEDGE_BASE.md + agent docs generated
[RM]    + LazyOwnEncoderDecoder: KNOWLEDGE_BASE.md + agent docs generated
[RM]    + ScriptAnimator: KNOWLEDGE_BASE.md + agent docs generated
[RM]    + cymatic: KNOWLEDGE_BASE.md + agent docs generated
[RM]    + LazyOwnBrpFuzzerWeb: KNOWLEDGE_BASE.md + agent docs generated
[RM]    + tunneling: KNOWLEDGE_BASE.md + agent docs generated
[RM]    + ghost.htb: KNOWLEDGE_BASE.md + agent docs generated
[RM]    + mist.htb: KNOWLEDGE_BASE.md + agent docs generated
[RM]    + axlle.htb: KNOWLEDGE_BASE.md + agent docs generated
[RM]    + reelify: KNOWLEDGE_BASE.md + agent docs generated
[RM]    + bin_micronucleus: KNOWLEDGE_BASE.md + agent docs generated
[RM]    + png2bash: KNOWLEDGE_BASE.md + agent docs generated
[RM]    + packet_edit_meme: KNOWLEDGE_BASE.md + agent docs generated
[RM]    + Condorito-Framework: KNOWLEDGE_BASE.md + agent docs generated
[RM]    + HavocC2-Custom-Profile-Template: KNOWLEDGE_BASE.md + agent docs generated
[RM]    + Havoc: KNOWLEDGE_BASE.md + agent docs generated
[RM]    + vulns-2026-fatfs-chance: KNOWLEDGE_BASE.md + agent docs generated
[RM]    + curlfree: KNOWLEDGE_BASE.md + agent docs generated
[RM]    + BOFs: KNOWLEDGE_BASE.md + agent docs generated
[RM]    + nikola_tesla_patentes: KNOWLEDGE_BASE.md + agent docs generated
[RM]    + keylogger: KNOWLEDGE_BASE.md + agent docs generated
[RM]    + QuantumVault: KNOWLEDGE_BASE.md + agent docs generated
[RM]    + project-nomad: KNOWLEDGE_BASE.md + agent docs generated
[RM]    + math-science-video-lectures: KNOWLEDGE_BASE.md + agent docs generated
[RM]    + toposwarm: KNOWLEDGE_BASE.md + agent docs generated
[RM]    + HunyuanVideo-1.5: KNOWLEDGE_BASE.md + agent docs generated
[RM]    + LazyOwnOpenCodeAdapter: KNOWLEDGE_BASE.md + agent docs generated
[RM]    + copy-fail-CVE-2026-31431: KNOWLEDGE_BASE.md + agent docs generated
[RM]    + TopoGPT2: KNOWLEDGE_BASE.md + agent docs generated
[RM]    + systemd: KNOWLEDGE_BASE.md + agent docs generated
[RM]    + Willmore: KNOWLEDGE_BASE.md + agent docs generated
[RM]    + Laderman: KNOWLEDGE_BASE.md + agent docs generated
[RM]    + dirac: KNOWLEDGE_BASE.md + agent docs generated
[RM]    + Neurothermo: KNOWLEDGE_BASE.md + agent docs generated
[RM]    + schrodinger: KNOWLEDGE_BASE.md + agent docs generated
[RM]    + CompressLoader: KNOWLEDGE_BASE.md + agent docs generated
[RM]    + TopoVJEPA: KNOWLEDGE_BASE.md + agent docs generated
[RM]    + VSL-DSP: KNOWLEDGE_BASE.md + agent docs generated
[RM]    + miniGCC: KNOWLEDGE_BASE.md + agent docs generated
[RM]    + ld: KNOWLEDGE_BASE.md + agent docs generated
[RM]    + template: KNOWLEDGE_BASE.md + agent docs generated
[RM]    + energia_eolica: KNOWLEDGE_BASE.md + agent docs generated
[RM]    + TopoExploit: KNOWLEDGE_BASE.md + agent docs generated
[RM]    + strass_strassen: KNOWLEDGE_BASE.md + agent docs generated
[RM]    + admin: KNOWLEDGE_BASE.md + agent docs generated
[RM]    + shad0w: KNOWLEDGE_BASE.md + agent docs generated
[RM]    + anasniffdeep: KNOWLEDGE_BASE.md + agent docs generated
[RM]    + winsdk-10: KNOWLEDGE_BASE.md + agent docs generated
[RM]    + linux: KNOWLEDGE_BASE.md + agent docs generated
[RM]    + TopoGPT3: KNOWLEDGE_BASE.md + agent docs generated
[RM]    + LazyC: KNOWLEDGE_BASE.md + agent docs generated
[RM]    + LazyOwnBT: KNOWLEDGE_BASE.md + agent docs generated
[RM]    + LazyLoader: KNOWLEDGE_BASE.md + agent docs generated
[RM]    + blacksandbeacon: KNOWLEDGE_BASE.md + agent docs generated
[RM]    + ReadMenator: KNOWLEDGE_BASE.md + agent docs generated
